
6673
120
34
-5678
1066192077
this is a string
cr[PC]:0x64; ir[x6,t1]:0x20001c; ir[x10,a0]:0x200008; ir[x17,a7]:0x4; fpr[f0,ft0]:0xffffffff3F8CCCCD; keyboard[0x0]:''; display[0x0]:'667312034-56781066192077this%20is%20a%20string'; 

