
cr[PC]:0x68; ir[x5,t0]:0x200000; ir[x6,t1]:0x200008; ir[x7,t2]:0x200010; ir[x8,fp,s0]:0x200018; ir[x9,s1]:0x20001c; ir[x10,a0]:0x200020; ir[x17,a7]:0xa; fpr[f0,ft0]:0x4070000000000000; fpr[f2,ft2]:0x40AB320000000000; fpr[f4,ft4]:0x40B5640000000000; fpr[f6,ft6]:0xffffffff4CB73351; fpr[f8,fs0]:0xffffffff4C82C7D3; fpr[f10,fa0]:0xffffffff4CA1FB80; fpr[f12,fa2]:0xffffffff46192400; fpr[f14,fa4]:0xffffffff46016400; fpr[f16,fa6]:0xffffffff46100000; keyboard[0x0]:''; display[0x0]:''; 

